// Jest Snapshot v1, https://goo.gl/fbAQLP

exports[`Should compile regular background color 1`] = `"var _reactNative=require(\\"react-native\\");var Calendar=function Calendar(){return React.createElement(_reactNative.View,{style:{backgroundColor:\\"red\\"}});};"`;
