// Jest Snapshot v1, https://goo.gl/fbAQLP

exports[`useBreeze should parse the correct regular style 1`] = `
Object {
  "backgroundColor": "#a0aec0",
}
`;
